datbase messages 0
invalid messages 1
invalid type messages 2
memory messages 3